{
  "menu": {
    "id": "file",
    "value": [
      [
        1,
        2,
        3
      ],
      [
        4,
        5,
        6
      ]
    ],
    "popup": {
      "menuitem": [
        {
          "value": [
            "one",
            "two"
          ],
          "onclick": "CreateNewDoc()"
        },
        {
          "value": "Close",
          "onclick": "CloseDoc()"
        }
      ]
    }
  }
}